exports[`test will update the state after the success action 1`] = `
Array [
  Object {
    "id": "resourceId",
    "prop1": "initial prop1",
    "prop2": "initial prop2",
    "relatedResource": "relatedResourceId",
  },
]
`;
